   Compiling proc-macro2 v1.0.106
   Compiling quote v1.0.46
   Compiling unicode-ident v1.0.24
   Compiling version_check v0.9.5
   Compiling autocfg v1.5.1
   Compiling syn v1.0.109
   Compiling rustversion v1.0.22
   Compiling hashbrown v0.17.1
   Compiling equivalent v1.0.2
   Compiling cfg-if v1.0.4
   Compiling typenum v1.20.1
   Compiling unicode-width v0.1.14
   Compiling serde_core v1.0.228
   Compiling either v1.16.0
   Compiling rawpointer v0.2.1
   Compiling fnv v1.0.7
   Compiling ident_case v1.0.1
   Compiling strsim v0.11.1
   Compiling serde v1.0.228
   Compiling fixedbitset v0.5.7
   Compiling toml_datetime v0.6.11
   Compiling winnow v0.5.40
   Compiling smallvec v1.15.2
   Compiling once_cell v1.21.4
   Compiling crossbeam-utils v0.8.22
   Compiling libc v0.2.186
   Compiling crc32fast v1.5.0
   Compiling itertools v0.10.5
   Compiling fst v0.4.7
   Compiling simd-adler32 v0.3.9
   Compiling zerocopy v0.8.54
   Compiling getrandom v0.3.4
   Compiling crossbeam-epoch v0.9.20
   Compiling itertools v0.14.0
   Compiling proc-macro-error-attr v1.0.4
   Compiling proc-macro-error v1.0.4
   Compiling generic-array v0.14.7
   Compiling thiserror v2.0.18
   Compiling adler2 v2.0.1
   Compiling crossbeam-deque v0.8.7
   Compiling num-traits v0.2.19
   Compiling matrixmultiply v0.3.10
   Compiling miniz_oxide v0.8.9
   Compiling indexmap v2.14.0
   Compiling itoa v1.0.18
   Compiling memchr v2.8.2
   Compiling rayon-core v1.13.0
   Compiling tinyvec_macros v0.1.1
   Compiling bitflags v2.13.0
   Compiling tinyvec v1.12.0
   Compiling pocket-resources v0.3.2
   Compiling flate2 v1.1.9
   Compiling cpufeatures v0.2.17
   Compiling fdeflate v0.3.7
   Compiling syn v2.0.118
   Compiling include_dir_macros v0.7.4
   Compiling proc-macro-error-attr2 v2.0.0
   Compiling num-integer v0.1.46
   Compiling num-complex v0.4.6
   Compiling unicode-normalization v0.1.25
   Compiling nom v8.0.0
   Compiling include_dir v0.7.4
   Compiling crypto-common v0.1.7
   Compiling proc-macro-error2 v2.0.1
   Compiling block-padding v0.3.3
   Compiling block-buffer v0.10.4
   Compiling num-conv v0.2.2
   Compiling pxfm v0.1.29
   Compiling inout v0.1.4
   Compiling powerfmt v0.2.0
   Compiling petgraph v0.7.1
   Compiling cipher v0.4.4
   Compiling digest v0.10.7
   Compiling zune-core v0.5.1
   Compiling iana-time-zone v0.1.65
   Compiling unicode-bidi v0.3.18
   Compiling ndarray v0.17.2
   Compiling toml_edit v0.19.15
   Compiling deranged v0.5.8
   Compiling time-core v0.1.9
   Compiling ryu v1.0.23
   Compiling zmij v1.0.21
   Compiling unsafe-libyaml v0.2.11
   Compiling unicode-properties v0.1.4
   Compiling bytecount v0.6.9
   Compiling rayon v1.12.0
   Compiling stringprep v0.1.5
   Compiling zune-jpeg v0.5.15
   Compiling chrono v0.4.45
   Compiling sha2 v0.10.9
   Compiling md-5 v0.10.6
   Compiling aes v0.8.4
   Compiling rand_core v0.9.5
   Compiling ecb v0.1.2
   Compiling cbc v0.1.2
   Compiling png v0.18.1
   Compiling encoding_rs v0.8.35
   Compiling bytemuck v1.25.0
   Compiling serde_json v1.0.150
   Compiling weezl v0.1.12
   Compiling byteorder-lite v0.1.0
   Compiling jiff v0.2.32
   Compiling unicode-linebreak v0.1.5
   Compiling rangemap v1.7.1
   Compiling log v0.4.33
   Compiling unicode-segmentation v1.13.3
   Compiling time v0.3.53
   Compiling proc-macro-crate v1.3.1
   Compiling template-quote-impl v0.4.4
   Compiling derive-syn-parse v0.1.5
   Compiling moxcms v0.8.1
   Compiling template-quote v0.4.4
   Compiling nom_locate v5.0.0
   Compiling ppv-lite86 v0.2.21
   Compiling darling_core v0.20.11
   Compiling rand_chacha v0.9.0
   Compiling rand v0.9.5
   Compiling safegraph-macros v0.1.0
   Compiling safegraph-macros v0.2.0
   Compiling derive-syn-parse v0.2.0
   Compiling aquamarine v0.6.0
   Compiling serde_derive v1.0.228
   Compiling syn_derive v0.1.8
   Compiling parametrized-macro v0.1.7
   Compiling thiserror-impl v2.0.18
   Compiling sprs v0.11.4
   Compiling safegraph v0.1.0
   Compiling type-leak v0.2.0
   Compiling safegraph v0.2.0
   Compiling newer-type-macro v0.1.2
   Compiling darling_macro v0.20.11
   Compiling lopdf v0.36.0
   Compiling darling v0.20.11
   Compiling type-leak v0.7.0
   Compiling newer-type v0.1.2
   Compiling image v0.25.10
   Compiling decycle-impl v0.5.2
   Compiling sumtype-macro v0.4.1
   Compiling newer-type-macro v0.3.0
   Compiling bincode v1.3.3
   Compiling hyphenation_commons v0.8.4
   Compiling serde_yaml v0.9.34+deprecated
   Compiling hyphenation v0.8.4
   Compiling newer-type v0.3.0
   Compiling newer-type-std v0.3.0
   Compiling sumtype v0.4.1
   Compiling parametrized v0.1.8
   Compiling decycle-macro v0.5.2
   Compiling decycle v0.5.2
   Compiling syan-macro v0.2.2
   Compiling syan v0.2.2
   Compiling rustyfi-syntax v0.1.4 (/tmp/lspfix-options/crates/rustyfi-syntax)
   Compiling rustyfi-backend v0.1.4 (/tmp/lspfix-options/crates/rustyfi-backend)
   Compiling rustyfi-loader v0.1.4 (/tmp/lspfix-options/crates/rustyfi-loader)
   Compiling rustyfi-lang v0.1.4 (/tmp/lspfix-options/crates/rustyfi-lang)
   Compiling rustyfi-lsp v0.1.4 (/tmp/lspfix-options/crates/rustyfi-lsp)
    Finished `test` profile [unoptimized] target(s) in 54.50s
     Running unittests src/lib.rs (target/debug/deps/rustyfi_lsp-04f52b39f670c762)

running 42 tests
test features::tests::a_bare_word_is_read_without_a_sigil ... ok
test features::tests::a_lowercase_segment_before_a_dot_is_not_a_module_path ... ok
test features::tests::a_command_prefix_keeps_its_sigil_so_it_matches_the_binding ... ok
test features::tests::a_lone_sigil_is_a_prefix_matching_everything_in_its_namespace ... ok
test features::tests::a_qualified_prefix_is_split_from_its_module_path ... ok
test format::tests::a_gap_holding_anything_the_lexer_would_not_skip_is_refused ... ok
test format::tests::a_gap_splits_into_indentation_comments_and_terminators ... ok
test format::tests::a_crlf_file_keeps_crlf_when_a_newline_has_to_be_invented ... ok
test format::tests::tabs_expand_to_the_column_they_occupied ... ok
test format::tests::tabs_survive_a_client_that_asked_for_tabs ... ok
test format::tests::interior_space_is_never_touched_because_it_is_usually_alignment ... ok
test format::tests::a_missing_final_newline_is_added_and_extra_ones_removed ... ok
test jsonrpc::tests::a_header_with_no_content_length_is_an_error ... ok
test jsonrpc::tests::a_string_id_survives_the_round_trip ... ok
test jsonrpc::tests::content_length_counts_bytes_not_characters ... ok
test jsonrpc::tests::skips_other_headers_and_accepts_a_bare_lf ... ok
test jsonrpc::tests::classify_separates_the_three_kinds ... ok
test jsonrpc::tests::reads_a_framed_message ... ok
test jsonrpc::tests::reads_back_to_back_messages_without_losing_the_second ... ok
test jsonrpc::tests::written_frames_are_byte_counted_and_crlf_delimited ... ok
test line_index::tests::a_position_inside_a_surrogate_pair_rounds_down ... ok
test line_index::tests::a_trailing_newline_opens_a_final_empty_line ... ok
test line_index::tests::an_empty_file_maps_offset_zero_to_the_origin ... ok
test line_index::tests::ascii_positions_are_the_obvious_ones ... ok
test line_index::tests::astral_characters_count_as_two_units ... ok
test line_index::tests::crlf_terminators_count_once ... ok
test line_index::tests::japanese_columns_are_utf16_units_not_bytes ... ok
test line_index::tests::lone_cr_terminates_a_line_like_the_lexer_says ... ok
test line_index::tests::offset_counts_utf16_units_not_bytes_or_chars ... ok
test line_index::tests::offset_inverts_position_at_every_character_boundary ... ok
test line_index::tests::offset_stops_before_a_crlf_terminator ... ok
test line_index::tests::out_of_range_and_mid_character_offsets_clamp_rather_than_panic ... ok
test line_index::tests::out_of_range_positions_clamp_rather_than_panic ... ok
test model::tests::a_range_touches_its_own_end_but_does_not_contain_it ... ok
test model::tests::an_inverted_range_is_clamped_rather_than_wrapping ... ok
test project::tests::a_span_from_another_file_is_not_claimed_as_this_ones ... ok
test project::tests::line_col_follows_the_lexers_own_counting ... ok
test project::tests::file_uris_decode_and_everything_else_declines ... ok
test symbols::tests::a_qualified_command_keeps_its_sigil_in_front ... ok
test workspace::tests::a_file_uri_round_trips_through_a_path ... ok
test workspace::tests::a_non_file_scheme_and_a_remote_share_are_declined ... ok
test workspace::tests::a_space_and_a_kanji_are_escaped_on_the_way_out ... ok

test result: ok. 42 passed; 0 failed; 0 ignored; 0 measured; 0 filtered out; finished in 0.00s

     Running tests/analysis.rs (target/debug/deps/analysis-2b3657a20902f259)

running 19 tests
test a_buffer_with_no_tokens_is_not_an_error ... ok
test a_parse_error_lands_on_the_offending_token_in_0_0_6 ... ok
test an_unterminated_inline_block_is_reported_where_it_runs_out ... ok
test a_decisive_version_signal_is_obeyed_even_when_the_file_is_broken ... ok
test a_parse_error_lands_on_the_offending_token_in_0_1 ... ok
test an_ambiguous_broken_file_is_reported_under_whichever_grammar_got_further ... ok
test a_clean_0_1_library_has_no_diagnostics ... ok
test analyze_takes_its_argument_literally_with_no_fallback ... ok
test a_0_1_file_read_with_the_0_0_grammar_is_a_screenful_of_nonsense ... ok
test every_diagnostic_range_is_non_degenerate_and_ordered ... ok
test a_clean_0_0_6_document_has_no_diagnostics ... ok
test utf16_columns_japanese_before_the_error_on_the_same_line ... ok
test utf16_columns_astral_characters_count_as_two ... ok
test utf16_columns_japanese_on_earlier_lines_does_not_shift_later_ones ... ok
test utf16_columns_japanese_in_a_0_1_library ... ok
test a_truncated_library_is_analysed_promptly_and_gets_a_real_verdict ... ok
test the_version_recheck_is_bounded_too ... ok
test the_document_fixtures_produce_no_diagnostics ... ok
test the_vendored_corpora_produce_no_diagnostics ... ok

test result: ok. 19 passed; 0 failed; 0 ignored; 0 measured; 0 filtered out; finished in 5.84s

     Running tests/features.rs (target/debug/deps/features-70e059243433222a)

running 37 tests
test completion_after_a_plus_offers_block_commands_only ... ok
test completion_after_a_colon_offers_types_and_not_values ... ok
test completion_after_a_backslash_offers_inline_commands_only ... ok
test completion_in_v01_offers_the_modules_own_members ... ok
test completion_does_not_offer_the_label_being_typed ... ok
test completion_does_not_offer_the_stage_header_in_v01 ... ok
test completion_inside_math_offers_math_commands_and_not_inline_ones ... ok
test completion_after_a_hash_in_program_text_offers_labels ... ok
test completion_offers_the_written_type_as_its_detail ... ok
test completion_through_a_module_from_another_file_offers_nothing ... ok
test completion_at_a_utf16_column_with_japanese_before_it ... ok
test completion_works_on_a_buffer_that_does_not_even_lex ... ok
test completion_in_prose_offers_nothing ... ok
test completion_after_a_semicolon_is_a_label_slot_again ... ok
test completion_works_on_a_buffer_that_does_not_parse ... ok
test definition_at_a_utf16_column_with_japanese_before_it ... ok
test completion_in_a_record_label_slot_offers_labels_and_not_values ... ok
test definition_jumps_to_the_binding_in_v01 ... ok
test definition_declines_rather_than_guessing ... ok
test completion_after_a_records_equals_is_a_value_position_again ... ok
test definition_on_a_header_names_the_file_it_would_open ... ok
test completion_in_program_position_offers_values_constructors_and_modules ... ok
test completion_through_a_module_prefix_stays_inside_that_module ... ok
test definition_jumps_to_the_binding_in_v006 ... ok
test completion_sees_through_a_nested_group_in_a_field_value ... ok
test completion_does_not_read_an_at_sign_in_prose_as_a_header ... ok
test completion_offers_the_file_headers_while_one_is_being_typed ... ok
test hover_on_a_header_describes_how_it_is_resolved ... ok
test hover_on_a_v006_mention_names_its_kind_and_where_it_was_bound ... ok
test hover_at_a_utf16_column_with_japanese_before_it_finds_the_right_word ... ok
test hover_on_a_name_from_another_file_says_so_rather_than_nothing ... ok
test hover_on_a_v01_val_shows_the_type_its_signature_declares ... ok
test hover_shows_the_type_the_author_wrote_and_never_one_it_inferred ... ok
test hover_works_on_a_half_typed_buffer ... ok
test the_record_label_slot_is_answerable_from_a_bare_cursor ... ok
test definition_works_on_a_half_typed_buffer ... ok
test sweeping_every_cursor_position_of_real_files_never_panics ... ok

test result: ok. 37 passed; 0 failed; 0 ignored; 0 measured; 0 filtered out; finished in 8.28s

     Running tests/format.rs (target/debug/deps/format-86dd70f0e69ab2b4)

running 26 tests
test double_spaces_and_blank_lines_inside_inline_text_are_content_and_survive ... ok
test indentation_is_preserved_verbatim_because_this_is_not_a_re_indenter ... ok
test tabs_in_indentation_become_the_columns_they_stood_for ... ok
test leading_blank_lines_go_entirely ... ok
test runs_of_blank_lines_are_capped_but_a_two_line_section_break_survives ... ok
test the_blank_line_after_a_header_is_counted_from_the_right_place ... ok
test a_formatter_that_collapsed_prose_would_fail_the_text_area_check ... ok
test a_tab_inside_inline_text_survives_the_client_that_asked_for_spaces ... ok
test a_buffer_that_does_not_lex_is_declined_rather_than_guessed_at ... ok
test cjk_prose_is_reproduced_byte_for_byte ... ok
test program_areas_nested_inside_inline_text_are_still_program_areas ... ok
test a_buffer_that_lexes_but_does_not_parse_is_still_formatted ... ok
test v01_inline_text_is_as_untouchable_as_v006_inline_text ... ok
test a_comment_inside_inline_text_is_left_exactly_where_it_is ... ok
test a_comment_keeps_its_text_its_indentation_and_the_space_before_it ... ok
test a_headers_own_trailing_space_is_left_alone_because_it_is_inside_the_token ... ok
test an_empty_buffer_is_left_empty_rather_than_given_a_line ... ok
test every_lsp_option_can_be_turned_off ... ok
test block_text_and_math_keep_their_own_whitespace ... ok
test the_v01_surface_formats_under_its_own_grammar ... ok
test trailing_whitespace_goes_from_program_lines ... ok
test whitespace_is_never_inserted_where_the_author_wrote_none ... ok
test the_generation_is_detected_the_same_way_diagnostics_detect_it ... ok
test the_bundled_v01_corpus_round_trips ... ok
test the_bundled_and_third_party_v006_corpus_round_trips ... ok
test the_corpus_round_trips_with_the_generation_detected_per_file ... ok

test result: ok. 26 passed; 0 failed; 0 ignored; 0 measured; 0 filtered out; finished in 49.17s

     Running tests/model.rs (target/debug/deps/model-4d31c4fb349385c9)

running 27 tests
test a_let_rec_binding_is_visible_inside_its_own_body ... ok
test a_let_in_binding_is_not_visible_in_its_own_value ... ok
test a_cursor_after_japanese_text_still_lands_on_the_right_name ... ok
test a_member_of_a_module_this_file_does_not_define_resolves_to_nothing ... ok
test a_buffer_that_does_not_even_lex_keeps_what_came_before_the_failure ... ok
test a_module_member_resolves_through_its_qualification ... ok
test a_half_typed_v01_library_still_yields_its_earlier_members ... ok
test a_user_defined_operator_resolves_from_its_use ... ok
test a_math_command_resolves_from_inside_math ... ok
test a_match_arm_binds_only_within_its_own_arm ... ok
test a_lambda_parameter_shadows_the_top_level_binding_of_the_same_name ... ok
test a_v01_library_binds_its_members_to_its_module ... ok
test a_top_level_let_is_found_from_a_later_mention ... ok
test a_v01_match_arm_ends_at_its_own_end_keyword ... ok
test a_buffer_that_does_not_parse_still_yields_the_bindings_before_the_break ... ok
test a_v01_use_header_binds_a_module_name_it_cannot_look_into ... ok
test a_v01_signature_declares_the_type_of_a_val ... ok
test a_v01_command_binding_keeps_its_own_namespace ... ok
test a_variant_constructor_resolves_to_its_type_declaration ... ok
test an_inline_command_resolves_from_inside_inline_text ... ok
test a_signature_supplies_the_type_a_binding_does_not_write ... ok
test an_ascription_is_quoted_verbatim_from_the_buffer ... ok
test opening_a_local_module_brings_its_members_into_scope ... ok
test opening_an_unknown_module_makes_earlier_bindings_unresolvable ... ok
test the_three_command_namespaces_do_not_collide ... ok
test every_identifier_in_the_corpus_is_classified ... ok
test sweeping_every_cursor_position_over_the_corpus_never_panics ... ok

test result: ok. 27 passed; 0 failed; 0 ignored; 0 measured; 0 filtered out; finished in 20.73s

     Running tests/project.rs (target/debug/deps/project-61dfbd728dd3f01f)

running 22 tests
test a_parse_error_stops_before_the_program_tier ... ok
test an_empty_buffer_is_not_an_error_at_this_tier_either ... ok
test a_library_buffer_is_left_alone_unless_asked_for ... ok
test an_error_that_belongs_to_another_file_is_reported_without_a_false_position ... ok
test an_uninstalled_package_degrades_the_same_way ... ok
test no_library_root_degrades_to_parse_only_rather_than_reporting_every_import ... ok
test a_library_buffers_own_stage_header_still_applies ... ok
test discovery_supplies_the_roots_when_none_is_named ... ok
test a_library_is_checked_against_its_own_headers ... ok
test a_genuine_type_error_is_reported_at_its_position_in_0_1 ... ok
test the_buffers_own_text_wins_over_the_file_on_disk ... ok
test a_buffer_that_does_not_parse_never_reaches_the_loader ... ok
test a_type_errors_column_is_counted_in_utf16_units ... ok
test a_genuine_type_error_is_reported_at_its_position_in_0_0_6 ... ok
test an_error_with_no_recorded_position_says_that_rather_than_guessing ... ok
test a_0_1_document_is_found_by_the_ambiguity_recheck_not_by_a_sniff ... ok
test an_imported_name_is_not_reported_as_unbound ... ok
test the_exclusions_are_still_needed ... ok
test checking_the_largest_shipped_document_stays_within_an_editors_patience ... ok
test every_bundled_package_typechecks_clean_as_a_library ... ok
test the_corpus_package_sources_typecheck_clean_as_libraries ... ok
test every_shipped_document_typechecks_clean ... ok

test result: ok. 22 passed; 0 failed; 0 ignored; 0 measured; 0 filtered out; finished in 29.22s

     Running tests/server_stdio.rs (target/debug/deps/server_stdio-1f0816548e3dd831)

running 47 tests
test a_notification_before_initialize_is_dropped_silently ... ok
test a_closed_pipe_without_exit_is_a_clean_disconnect ... ok
test a_request_before_initialize_is_refused ... ok
test a_bad_initialization_option_neither_crashes_nor_pins ... ok
test a_ranged_change_is_ignored_rather_than_misapplied ... ok
test an_unknown_request_is_method_not_found_and_the_session_survives ... ok
test a_request_about_a_closed_document_answers_null ... ok
test a_formatting_request_with_no_options_object_is_answered_not_refused ... ok
test a_ranged_did_change_forgets_the_buffer_rather_than_answering_from_stale_text ... ok
test a_lang_override_is_honoured_over_the_buffers_own_signal ... ok
test crlf_line_numbers_agree_with_the_lexers_own_rule ... ok
test a_valid_document_gets_an_empty_diagnostic_list_not_silence ... ok
test definition_follows_an_import_header_to_the_file_beside_it ... ok
test a_tidy_buffer_gets_no_edits_and_a_broken_one_gets_null ... ok
test a_did_change_keeps_the_stored_buffer_in_step ... ok
test a_0_1_document_is_analysed_with_the_0_1_grammar ... ok
test completion_answers_items_with_a_text_edit_over_the_typed_word ... ok
test definition_on_a_require_with_no_library_root_answers_null ... ok
test did_close_retracts_the_diagnostics ... ok
test document_symbol_on_an_unknown_uri_is_an_empty_outline ... ok
test definition_answers_a_location_in_the_same_document ... ok
test editing_a_document_republishes_from_the_new_text ... ok
test formatting_obeys_an_explicit_lang ... ok
test document_symbol_columns_are_utf16_over_the_wire ... ok
test exit_without_shutdown_is_a_failure_code ... ok
test document_symbol_returns_the_outline_of_an_open_buffer ... ok
test the_full_lifecycle_produces_a_diagnostic_and_exits_cleanly ... ok
test an_absurd_tab_size_is_clamped_rather_than_allocated ... ok
test document_symbol_obeys_an_explicit_lang ... ok
test formatting_over_the_wire_leaves_prose_alone ... ok
test nothing_is_published_after_shutdown ... ok
test malformed_json_gets_a_parse_error_and_the_session_survives ... ok
test hover_answers_with_markdown_and_a_range ... ok
test formatting_follows_did_change ... ok
test hover_on_nothing_answers_null_rather_than_an_error ... ok
test document_symbol_follows_did_change ... ok
test formatting_ranges_are_utf16_over_the_wire ... ok
test utf16_columns_survive_the_wire ... ok
test the_interactive_requests_work_at_a_utf16_column_after_japanese ... ok
test the_clients_formatting_options_are_honoured ... ok
test the_rules_that_are_not_lsp_options_apply_with_every_member_off ... ok
test the_interactive_requests_survive_a_half_typed_buffer ... ok
test the_optional_members_are_independent ... ok
test the_optional_members_left_off_leave_their_own_whitespace_alone ... ok
test formatting_answers_one_narrow_edit_rather_than_replacing_the_file ... ok
test an_absent_optional_formatting_member_means_off_exactly_as_false_does ... ok
test every_advertised_capability_answers_in_one_session ... ok

test result: ok. 47 passed; 0 failed; 0 ignored; 0 measured; 0 filtered out; finished in 0.03s

     Running tests/symbols.rs (target/debug/deps/symbols-9740692a34869b68)

running 21 tests
test a_column_after_japanese_is_counted_in_utf16_units ... ok
test a_final_let_without_its_in_still_declares_its_name ... ok
test a_0_0_6_document_body_spine_is_walked ... ok
test a_0_0_6_module_owns_its_members ... ok
test a_multi_line_declarations_range_covers_all_of_it ... ok
test an_empty_buffer_has_no_symbols ... ok
test a_half_typed_0_1_document_keeps_the_spine_above_the_error ... ok
test an_unlexable_buffer_yields_nothing_rather_than_panicking ... ok
test a_half_typed_0_0_6_library_keeps_what_is_above_the_error ... ok
test a_range_stops_at_the_end_of_the_declaration ... ok
test a_functor_contributes_its_bodys_members ... ok
test an_explicit_generation_is_obeyed ... ok
test an_astral_character_before_a_symbol_counts_as_two ... ok
test a_signal_free_0_1_library_is_read_as_0_1 ... ok
test a_0_1_document_declares_everything_in_its_let_spine ... ok
test an_and_chained_type_names_every_clause_as_a_sibling ... ok
test ranges_are_utf16_and_well_formed ... ok
test every_0_0_6_declaration_form_shows_up ... ok
test every_0_1_declaration_form_shows_up ... ok
test a_pathological_prefix_is_bounded_here_too ... ok
test the_whole_corpus_yields_plausible_outlines ... ok

test result: ok. 21 passed; 0 failed; 0 ignored; 0 measured; 0 filtered out; finished in 17.16s

     Running tests/workspace_symbols.rs (target/debug/deps/workspace_symbols-bc93273e0c393413)

running 9 tests
test a_session_with_no_root_still_searches_its_open_buffers ... ok
test a_match_points_at_the_declaration ... ok
test a_path_needing_escapes_round_trips ... ok
test an_empty_query_lists_everything ... ok
test a_nested_match_names_its_container ... ok
test repeating_a_query_gives_the_same_order ... ok
test both_generations_contribute ... ok
test an_open_buffer_shadows_the_file_on_disk ... ok
test a_query_matches_across_the_whole_project ... ok

test result: ok. 9 passed; 0 failed; 0 ignored; 0 measured; 0 filtered out; finished in 0.01s

   Doc-tests rustyfi_lsp

running 0 tests

test result: ok. 0 passed; 0 failed; 0 ignored; 0 measured; 0 filtered out; finished in 0.00s

